exports[`test should render a div 1`] = `<div />`;
