exports[`test should render an input 1`] = `
<input
  onChange={[Function]}
  type="text"
  value="hello" />
`;
